INFO     [2025-03-26 12:05:37] ---  (logger.py:46)
INFO     [2025-03-26 12:05:37] --- # ===== CommonRoad-Reach Configuration Summary ===== # (logger.py:46)
INFO     [2025-03-26 12:05:37] --- # ZAM_Tjunction-1_307_T-1 (logger.py:46)
INFO     [2025-03-26 12:05:37] --- # Planning: (logger.py:46)
INFO     [2025-03-26 12:05:37] --- # 	dt: 0.1 (logger.py:46)
INFO     [2025-03-26 12:05:37] --- # 	steps: 30 (logger.py:46)
INFO     [2025-03-26 12:05:37] --- # 	coordinate system: curvilinear (logger.py:46)
INFO     [2025-03-26 12:05:37] --- # Vehicle (Ego): (logger.py:46)
INFO     [2025-03-26 12:05:37] --- # 	vehicle type id: 2 (logger.py:46)
INFO     [2025-03-26 12:05:37] --- # 	v: lon_min = -13.9, lon_max = 50.8, lat_min = -4.0, lat_max = 4.0, max = 30.0 (logger.py:46)
INFO     [2025-03-26 12:05:37] --- # 	a: lon_min = -11.5, lon_max = 11.5, lat_min = -2.0, lat_max = 2.0, max = 8.0 (logger.py:46)
INFO     [2025-03-26 12:05:37] --- # Reachable set: (logger.py:46)
INFO     [2025-03-26 12:05:37] --- # 	computation mode: polytopic, c++ backend (logger.py:46)
INFO     [2025-03-26 12:05:37] --- # 	repartition mode: collision check, repartition (logger.py:46)
INFO     [2025-03-26 12:05:37] --- # 	inflation mode: inscribed circle (logger.py:46)
INFO     [2025-03-26 12:05:37] --- # 	obstacle rasterization: False (logger.py:46)
INFO     [2025-03-26 12:05:37] --- # 	grid size: 0.2 (logger.py:46)
INFO     [2025-03-26 12:05:37] --- # 	split radius: 0.7 (logger.py:46)
INFO     [2025-03-26 12:05:37] --- # 	prune: True (logger.py:46)
INFO     [2025-03-26 12:05:37] --- # 	num threads: 4 (logger.py:46)
INFO     [2025-03-26 12:05:37] --- # ================================= # (logger.py:46)
DEBUG    [2025-03-26 12:05:37] --- CollisionChecker initialized. (collision_checker.py:33)
DEBUG    [2025-03-26 12:05:37] --- CppReachableSet initialized. (reach_set_cpp.py:23)
DEBUG    [2025-03-26 12:05:37] --- Reachable set interface initialized. (logger.py:40)
INFO     [2025-03-26 12:05:37] --- * Computing reachable sets... (logger.py:46)
DEBUG    [2025-03-26 12:05:37] --- Computing reachable set for step 1 (reach_set_cpp.py:27)
DEBUG    [2025-03-26 12:05:37] --- Computing reachable set for step 2 (reach_set_cpp.py:27)
DEBUG    [2025-03-26 12:05:37] --- Computing reachable set for step 3 (reach_set_cpp.py:27)
DEBUG    [2025-03-26 12:05:37] --- Computing reachable set for step 4 (reach_set_cpp.py:27)
DEBUG    [2025-03-26 12:05:37] --- Computing reachable set for step 5 (reach_set_cpp.py:27)
DEBUG    [2025-03-26 12:05:37] --- Computing reachable set for step 6 (reach_set_cpp.py:27)
DEBUG    [2025-03-26 12:05:37] --- Computing reachable set for step 7 (reach_set_cpp.py:27)
DEBUG    [2025-03-26 12:05:37] --- Computing reachable set for step 8 (reach_set_cpp.py:27)
DEBUG    [2025-03-26 12:05:37] --- Computing reachable set for step 9 (reach_set_cpp.py:27)
DEBUG    [2025-03-26 12:05:37] --- Computing reachable set for step 10 (reach_set_cpp.py:27)
DEBUG    [2025-03-26 12:05:37] --- Computing reachable set for step 11 (reach_set_cpp.py:27)
DEBUG    [2025-03-26 12:05:37] --- Computing reachable set for step 12 (reach_set_cpp.py:27)
DEBUG    [2025-03-26 12:05:37] --- Computing reachable set for step 13 (reach_set_cpp.py:27)
DEBUG    [2025-03-26 12:05:37] --- Computing reachable set for step 14 (reach_set_cpp.py:27)
DEBUG    [2025-03-26 12:05:37] --- Computing reachable set for step 15 (reach_set_cpp.py:27)
DEBUG    [2025-03-26 12:05:37] --- Computing reachable set for step 16 (reach_set_cpp.py:27)
DEBUG    [2025-03-26 12:05:37] --- Computing reachable set for step 17 (reach_set_cpp.py:27)
DEBUG    [2025-03-26 12:05:37] --- Computing reachable set for step 18 (reach_set_cpp.py:27)
DEBUG    [2025-03-26 12:05:37] --- Computing reachable set for step 19 (reach_set_cpp.py:27)
DEBUG    [2025-03-26 12:05:37] --- Computing reachable set for step 20 (reach_set_cpp.py:27)
DEBUG    [2025-03-26 12:05:37] --- Computing reachable set for step 21 (reach_set_cpp.py:27)
DEBUG    [2025-03-26 12:05:37] --- Computing reachable set for step 22 (reach_set_cpp.py:27)
DEBUG    [2025-03-26 12:05:37] --- Computing reachable set for step 23 (reach_set_cpp.py:27)
DEBUG    [2025-03-26 12:05:37] --- Computing reachable set for step 24 (reach_set_cpp.py:27)
DEBUG    [2025-03-26 12:05:37] --- Computing reachable set for step 25 (reach_set_cpp.py:27)
DEBUG    [2025-03-26 12:05:37] --- Computing reachable set for step 26 (reach_set_cpp.py:27)
DEBUG    [2025-03-26 12:05:37] --- Computing reachable set for step 27 (reach_set_cpp.py:27)
DEBUG    [2025-03-26 12:05:37] --- Computing reachable set for step 28 (reach_set_cpp.py:27)
DEBUG    [2025-03-26 12:05:37] --- Computing reachable set for step 29 (reach_set_cpp.py:27)
DEBUG    [2025-03-26 12:05:37] --- Computing reachable set for step 30 (reach_set_cpp.py:27)
INFO     [2025-03-26 12:05:37] --- 	Took: 	0.056s (logger.py:46)
DEBUG    [2025-03-26 12:05:37] --- 	Configuration file saved. (logger.py:40)
INFO     [2025-03-26 12:05:37] --- * Plotting reachable sets... (logger.py:46)
DEBUG    [2025-03-26 12:05:37] --- Loaded backend agg version v2.2. (pyplot.py:414)
INFO     [2025-03-26 12:05:40] --- 	Creating GIF... (logger.py:46)
INFO     [2025-03-26 12:05:40] --- 	Reachable sets plotted. (logger.py:46)
